Name: 怀旧剧场, URL: http://111.61.236.247:9081/hls/67/index.m3u8, IPv_Type: ipv4, Location: 中国-河北, ISP: 移动, Date: None, Delay: 3002 ms, Speed: 0.06 M/s, Resolution: 720x576
Name: 女性时尚, URL: http://111.61.236.247:9081/hls/59/index.m3u8, IPv_Type: ipv4, Location: 中国-河北, ISP: 移动, Date: None, Delay: 3002 ms, Speed: 0.04 M/s, Resolution: 720x576
Name: 贵州卫视, URL: http://198.204.228.26/live/gzwshd.m3u8, IPv_Type: ipv4, Location: 美国, ISP: , Date: None, Delay: 465 ms, Speed: 9.56 M/s, Resolution: 1920x1080
Name: 浙江民生, URL: http://ali-m-l.cztv.com/channels/lantian/channel06/1080p.m3u8, IPv_Type: ipv4, Location: 中国-陕西, ISP: 移动, Date: None, Delay: 2298 ms, Speed: 1.03 M/s, Resolution: 1920x1080
Name: 浙江民生, URL: https://ali-m-l.cztv.com/channels/lantian/channel006/1080p.m3u8, IPv_Type: ipv4, Location: 中国-陕西, ISP: 移动, Date: None, Delay: 2235 ms, Speed: 0.87 M/s, Resolution: 1920x1080
Name: 浙江民生, URL: http://ali-m-l.cztv.com/channels/lantian/channel006/1080p.m3u8, IPv_Type: ipv4, Location: 中国-陕西, ISP: 移动, Date: None, Delay: 2219 ms, Speed: 0.86 M/s, Resolution: 1920x1080
Name: 浙江民生, URL: http://ali-m-l.cztv.com/channels/lantian/channel06/720p.m3u8, IPv_Type: ipv4, Location: 中国-陕西, ISP: 移动, Date: None, Delay: 2346 ms, Speed: 0.76 M/s, Resolution: 1280x720
Name: 浙江留学, URL: https://ali-m-l.cztv.com/channels/lantian/channel009/1080p.m3u8, IPv_Type: ipv4, Location: 中国-陕西, ISP: 移动, Date: None, Delay: 1567 ms, Speed: 0.25 M/s, Resolution: 1920x1080
Name: 浙江留学, URL: http://ali-vl.cztv.com/channels/lantian/channel009/360p.m3u8, IPv_Type: ipv4, Location: 中国-江苏-扬州, ISP: 移动, Date: None, Delay: 1290 ms, Speed: 0.18 M/s, Resolution: 640x360
Name: 浙江休闲台, URL: http://ali-m-l.cztv.com/channels/lantian/channel006/720p.m3u8, IPv_Type: ipv4, Location: 中国-陕西, ISP: 移动, Date: None, Delay: 2081 ms, Speed: 0.70 M/s, Resolution: 1280x720
Name: 北京科教, URL: http://player.cntv.cn/standard/live_HLSDRM20180606.swf?ChannelID=btv3&P2PChannelID=pd://cctv_p2p_hdbtv3, IPv_Type: ipv4, Location: 美国, ISP: , Date: None, Delay: 34 ms, Speed: 3.81 M/s, Resolution: 19x24
Name: 北京青年, URL: http://player.cntv.cn/standard/live_HLSDRM20180919.swf?v=180.171.5.8.9.6.3.9&ChannelID=btv8&videoTVChannel=btv8&P2PChannelID=pd://cctv_p2p_hdbtv8&tai=btv8&VideoName=btv8&channelID=btv8, IPv_Type: ipv4, Location: 美国, ISP: , Date: None, Delay: 20 ms, Speed: 6.19 M/s, Resolution: 19x24
Name: 都市剧场, URL: https://satellitepull.cnr.cn/live/wxcqxwgb/playlist.m3u8, IPv_Type: ipv4, Location: 美国, ISP: , Date: None, Delay: 11 ms, Speed: 10.98 M/s, Resolution: None
Name: 垫江综合, URL: rtmp://play-sh.quklive.com/live/1672366847646284, IPv_Type: ipv4, Location: 美国, ISP: , Date: None, Delay: -1 ms, Speed: inf M/s, Resolution: 1920x1080
Name: 宜兴紫砂, URL: rtmp://yixing-tv-ori-hls.jstv.com/yixing-tv-ori/yixing_zs, IPv_Type: ipv4, Location: 中国-江苏-扬州, ISP: 移动, Date: None, Delay: -1 ms, Speed: inf M/s, Resolution: 1280x720
Name: 常熟民生, URL: rtmp://cstvplay.21cs.cn/cstv2/cstv2, IPv_Type: ipv4, Location: 中国-陕西-咸阳, ISP: 移动, Date: None, Delay: 2429 ms, Speed: 0.00 M/s, Resolution: None
Name: 江宁新闻, URL: rtmp://jiangning-tv-hls.cm.jstv.com/jiangning-tv/jnxwzh, IPv_Type: ipv4, Location: 中国-江苏, ISP: 移动, Date: None, Delay: 2106 ms, Speed: 0.00 M/s, Resolution: None
Name: 睢宁综合, URL: https://live-auth.51kandianshi.com/szgd/csztv4k_hd.m3u8, IPv_Type: ipv4, Location: 日本, ISP: , Date: None, Delay: 285 ms, Speed: 2.10 M/s, Resolution: 1280x720
Name: 赣榆新闻综合, URL: rtmp://ganyu-tv-hls.cm.jstv.com/ganyu-tv/ganyutv, IPv_Type: ipv4, Location: 中国-江苏-扬州, ISP: 移动, Date: None, Delay: 1799 ms, Speed: 0.00 M/s, Resolution: None
Name: 衡阳新闻综合, URL: https://liveplay-srs.voc.com.cn/hls/tv/183_554704.m3u8, IPv_Type: ipv4, Location: 中国-湖南, ISP: 移动, Date: None, Delay: 3003 ms, Speed: 0.01 M/s, Resolution: 800x480
Name: 南宁影视娱乐, URL: https://hls.nntv.cn/nnlive/YSYL_244.m3u8, IPv_Type: ipv4, Location: 中国, ISP: 移动, Date: None, Delay: 2302 ms, Speed: 0.40 M/s, Resolution: None
Name: 津南一套, URL: http://play.jinnantv.top/live/JNTV1.m3u8?ztianjd, IPv_Type: ipv4, Location: 美国, ISP: , Date: None, Delay: 9 ms, Speed: 28.11 M/s, Resolution: 720x576
Name: 仁寿综合, URL: https://play.scrstv.com.cn/DT/live.m3u8?auth_key=60001724663204-0-0-c1cc4ded9841ac34f63cdbd3aec647ef, IPv_Type: ipv4, Location: 中国-天津-天津, ISP: 移动, Date: None, Delay: 1173 ms, Speed: 0.05 M/s, Resolution: None
Name: 剑阁综合, URL: https://m3u8.channel.dzsm.com/nmip-media/channellive/channel105549/playlist.m3u8, IPv_Type: ipv4, Location: 中国-四川, ISP: 移动, Date: None, Delay: 3002 ms, Speed: 0.33 M/s, Resolution: 960x528
Name: 叙永综合, URL: rtmp://luzhi.xuyongrongmei.com:1935/live/xyxw?zsicd, IPv_Type: ipv4, Location: None, ISP: None, Date: None, Delay: 365 ms, Speed: 0.00 M/s, Resolution: None
Name: 夹江新闻综合, URL: https://m3u8.channel.dzsm.com/nmip-media/channellive/channel101257/playlist.m3u8, IPv_Type: ipv4, Location: 中国-四川, ISP: 移动, Date: None, Delay: 3002 ms, Speed: 0.36 M/s, Resolution: None
Name: 朝天综合, URL: https://m3u8.channel.dzsm.com/nmip-media/channellive/channel104601/playlist.m3u8, IPv_Type: ipv4, Location: 中国-四川, ISP: 移动, Date: None, Delay: 3003 ms, Speed: 0.34 M/s, Resolution: 960x528
Name: 嘉峪关综合, URL: http://play.kankanlive.com/live/1720583434627241.m3u8, IPv_Type: ipv4, Location: 中国, ISP: 移动, Date: None, Delay: 2075 ms, Speed: 0.90 M/s, Resolution: 1920x1080
Name: 天祝综合, URL: https://play.kankanlive.com/live/1656487214793905.m3u8, IPv_Type: ipv4, Location: 中国-广东, ISP: 移动, Date: None, Delay: 1852 ms, Speed: 0.27 M/s, Resolution: None
Name: 永昌综合, URL: rtmp://play.kankanlive.com/live/1652755738635915, IPv_Type: ipv4, Location: 中国, ISP: 移动, Date: None, Delay: -1 ms, Speed: inf M/s, Resolution: 1920x1080
Name: 白银综合, URL: https://play.kankanlive.com/live/1720408089419110.m3u8, IPv_Type: ipv4, Location: 中国, ISP: 移动, Date: None, Delay: 2672 ms, Speed: 0.68 M/s, Resolution: None
Name: 秦安综合, URL: http://play.kankanlive.com/live/1683944827526991.m3u8, IPv_Type: ipv4, Location: 中国, ISP: 移动, Date: None, Delay: 2312 ms, Speed: 0.94 M/s, Resolution: 1280x720
Name: 可克达拉综合, URL: http://file.loulannews.cn/nmip-media/channellive/channel103824/playlist.m3u8, IPv_Type: ipv4, Location: 中国-新疆, ISP: 移动, Date: None, Delay: 2919 ms, Speed: 0.53 M/s, Resolution: 1920x1080
Name: 巴音郭楞州, URL: rtmp://tv.loulannews.cn/channellive/ch1, IPv_Type: ipv4, Location: 中国-新疆, ISP: 移动, Date: None, Delay: -1 ms, Speed: inf M/s, Resolution: 1920x1080
Name: 古县综合, URL: https://l2fpdktp.live.sxmty.com/live/hls/e4c3b363cc4549788e2d983f403e07db/d99ce1eb686e41b9afc888110bd95aa7.m3u8?zshanxd, IPv_Type: ipv4, Location: 中国-广东, ISP: 移动, Date: None, Delay: 2704 ms, Speed: 0.62 M/s, Resolution: None
Name: 定襄综合, URL: http://lbyzztfe.live.sxmty.com/live/hls/645ff4c60e0a49f0a203abbd73dd8be9/0720e665f10f48e98c9639f4f492fb4a-1.m3u8?zshanxd, IPv_Type: ipv4, Location: 中国-江苏-盐城, ISP: 移动, Date: None, Delay: 1609 ms, Speed: 0.17 M/s, Resolution: None
Name: 平遥新闻综合, URL: https://tntgjhjb.live.sxmty.com/live/hls/3a4585ac11ec4e1bb07b419101b370c3/baf63e2b313440c2a25d7859f9b73b05-1.m3u8?zshanxd, IPv_Type: ipv4, Location: 中国-甘肃, ISP: 移动, Date: None, Delay: 2917 ms, Speed: 0.70 M/s, Resolution: None
Name: 安徽导视, URL: http://dspdhls.appcoo.com:8888/live/dspd/index.m3u8, IPv_Type: ipv4, Location: 中国-安徽, ISP: 移动, Date: None, Delay: 2605 ms, Speed: 0.98 M/s, Resolution: 1920x1080
Name: 祁门综合, URL: rtmp://tv.qmxrmt.com/chan/ch1, IPv_Type: ipv4, Location: 中国-安徽, ISP: 移动, Date: None, Delay: -1 ms, Speed: inf M/s, Resolution: 1920x1080
Name: 祁门综合, URL: rtmp://tv.qmxrmt.com/chan/ch1?zanhd, IPv_Type: ipv4, Location: 中国-安徽, ISP: 移动, Date: None, Delay: -1 ms, Speed: inf M/s, Resolution: 1920x1080
Name: 易门综合, URL: https://zb-live.ynurl.com/yimen/3b75a2f9-7941-46b7-992d-a9796fbca5fe.m3u8, IPv_Type: ipv4, Location: 中国-广东-深圳, ISP: 移动, Date: None, Delay: 2267 ms, Speed: 0.45 M/s, Resolution: 1920x1080
Name: 通海电视台, URL: https://zb-live.ynurl.com/tonghai/3bfe3a9e-48e6-4c1e-8770-1df66447cc6c.m3u8, IPv_Type: ipv4, Location: 中国-广东-深圳, ISP: 移动, Date: None, Delay: 2829 ms, Speed: 0.62 M/s, Resolution: 1920x1080
Name: 甘南县综合, URL: rtmp://masterpull.hljtv.com/live/YbFyF4Jb, IPv_Type: ipv4, Location: 中国-黑龙江, ISP: 移动, Date: None, Delay: 3004 ms, Speed: 0.00 M/s, Resolution: None
Name: 双鸭山综合, URL: rtmp://masterpull.hljtv.com/live/BowdCSzZ, IPv_Type: ipv4, Location: 中国-黑龙江, ISP: 移动, Date: None, Delay: 3004 ms, Speed: 0.00 M/s, Resolution: None
Name: 纬来电影, URL: http://31.43.191.125:8080/vip6821768502490/6c17bae55394/34852, IPv_Type: ipv4, Location: 乌克兰, ISP: , Date: None, Delay: 415 ms, Speed: 2.05 M/s, Resolution: 1920x1080
Name: 龙祥电影, URL: http://31.43.191.125:8080/vip6821768502490/6c17bae55394/34825, IPv_Type: ipv4, Location: 乌克兰, ISP: , Date: None, Delay: 374 ms, Speed: 2.16 M/s, Resolution: 1280x720
Name: 音乐现场, URL: https://satellitepull.cnr.cn/live/wx32nmgyygb/playlist.m3u8, IPv_Type: ipv4, Location: 美国, ISP: , Date: None, Delay: 11 ms, Speed: 10.45 M/s, Resolution: None
